Tic-Tac-Toe: Tie Game


New Game:
+---+---+---+
| 1 | 2 | 3 |
| 4 | 5 | 6 |
| 7 | 8 | 9 |
+---+---+---+


Players:
Paul (X) and Lisa (O) added to the game

Player X takes 5:
+---+---+---+
| 1 | 2 | 3 |
| 4 | X | 6 |
| 7 | 8 | 9 |
+---+---+---+


Player O takes 6:
+---+---+---+
| 1 | 2 | 3 |
| 4 | X | O |
| 7 | 8 | 9 |
+---+---+---+


Player X takes 2:
+---+---+---+
| 1 | X | 3 |
| 4 | X | O |
| 7 | 8 | 9 |
+---+---+---+


Player O takes 8:
+---+---+---+
| 1 | X | 3 |
| 4 | X | O |
| 7 | O | 9 |
+---+---+---+


Player X takes 9:
+---+---+---+
| 1 | X | 3 |
| 4 | X | O |
| 7 | O | X |
+---+---+---+


Player O takes 1:
+---+---+---+
| O | X | 3 |
| 4 | X | O |
| 7 | O | X |
+---+---+---+


Player X takes 3:
+---+---+---+
| O | X | X |
| 4 | X | O |
| 7 | O | X |
+---+---+---+


Player O takes 7:
+---+---+---+
| O | X | X |
| 4 | X | O |
| O | O | X |
+---+---+---+


Player X takes 4:
+---+---+---+
| O | X | X |
| X | X | O |
| O | O | X |
+---+---+---+
Game Over - TIE!