Tic-Tac-Toe: Player O Wins Center Horizontally


New Game:
+---+---+---+
| 1 | 2 | 3 |
| 4 | 5 | 6 |
| 7 | 8 | 9 |
+---+---+---+


Players:
Paul (X) and Lisa (O) added to the game

Player X takes 1:
+---+---+---+
| X | 2 | 3 |
| 4 | 5 | 6 |
| 7 | 8 | 9 |
+---+---+---+


Player O takes 4:
+---+---+---+
| X | 2 | 3 |
| O | 5 | 6 |
| 7 | 8 | 9 |
+---+---+---+


Player X takes 2:
+---+---+---+
| X | X | 3 |
| O | 5 | 6 |
| 7 | 8 | 9 |
+---+---+---+


Player O takes 5:
+---+---+---+
| X | X | 3 |
| O | O | 6 |
| 7 | 8 | 9 |
+---+---+---+


Player X takes 9:
+---+---+---+
| X | X | 3 |
| O | O | 6 |
| 7 | 8 | X |
+---+---+---+


Player O takes 6:
+---+---+---+
| X | X | 3 |
| O | O | O |
| 7 | 8 | X |
+---+---+---+
Player O Wins!