Tic-Tac-Toe: Player X Wins on Right Vertically


New Game:
+---+---+---+
| 1 | 2 | 3 |
| 4 | 5 | 6 |
| 7 | 8 | 9 |
+---+---+---+


Players:
Paul (X) and Lisa (O) added to the game

Player X takes 3:
+---+---+---+
| 1 | 2 | X |
| 4 | 5 | 6 |
| 7 | 8 | 9 |
+---+---+---+


Player O takes 1:
+---+---+---+
| O | 2 | X |
| 4 | 5 | 6 |
| 7 | 8 | 9 |
+---+---+---+


Player X takes 6:
+---+---+---+
| O | 2 | X |
| 4 | 5 | X |
| 7 | 8 | 9 |
+---+---+---+


Player O takes 8:
+---+---+---+
| O | 2 | X |
| 4 | 5 | X |
| 7 | O | 9 |
+---+---+---+


Player X takes 9:
+---+---+---+
| O | 2 | X |
| 4 | 5 | X |
| 7 | O | X |
+---+---+---+
Player X Wins!