Tic-Tac-Toe: Player O Wins on Right Diagonally


New Game:
+---+---+---+
| 1 | 2 | 3 |
| 4 | 5 | 6 |
| 7 | 8 | 9 |
+---+---+---+


Players:
Paul (X) and Lisa (O) added to the game

Player X takes 3:
+---+---+---+
| 1 | 2 | X |
| 4 | 5 | 6 |
| 7 | 8 | 9 |
+---+---+---+


Player O takes 1:
+---+---+---+
| O | 2 | X |
| 4 | 5 | 6 |
| 7 | 8 | 9 |
+---+---+---+


Player X takes 7:
+---+---+---+
| O | 2 | X |
| 4 | 5 | 6 |
| X | 8 | 9 |
+---+---+---+


Player O takes 5:
+---+---+---+
| O | 2 | X |
| 4 | O | 6 |
| X | 8 | 9 |
+---+---+---+


Player X takes 8:
+---+---+---+
| O | 2 | X |
| 4 | O | 6 |
| X | X | 9 |
+---+---+---+


Player O takes 9:
+---+---+---+
| O | 2 | X |
| 4 | O | 6 |
| X | X | O |
+---+---+---+
Player O Wins!