Tic-Tac-Toe: Player X Wins on Top Horizontal


New Game:
+---+---+---+
| 1 | 2 | 3 |
| 4 | 5 | 6 |
| 7 | 8 | 9 |
+---+---+---+


Player X takes 1:
+---+---+---+
| X | 2 | 3 |
| 4 | 5 | 6 |
| 7 | 8 | 9 |
+---+---+---+


Player O takes 7:
+---+---+---+
| X | 2 | 3 |
| 4 | 5 | 6 |
| O | 8 | 9 |
+---+---+---+


Player X takes 2:
+---+---+---+
| X | X | 3 |
| 4 | 5 | 6 |
| O | 8 | 9 |
+---+---+---+


Player O takes 9:
+---+---+---+
| X | X | 3 |
| 4 | 5 | 6 |
| O | 8 | O |
+---+---+---+


Player X takes 3:
+---+---+---+
| X | X | X |
| 4 | 5 | 6 |
| O | 8 | O |
+---+---+---+
Player X Wins!

Player O fails to take 8:
+---+---+---+
| X | X | X |
| 4 | 5 | 6 |
| O | 8 | O |
+---+---+---+
Player X Wins!