Tic-Tac-Toe: Player X Wins on Left Vertically


New Game:
+---+---+---+
| 1 | 2 | 3 |
| 4 | 5 | 6 |
| 7 | 8 | 9 |
+---+---+---+


Players:
Paul (X) and Lisa (O) added to the game

Player X takes 1:
+---+---+---+
| X | 2 | 3 |
| 4 | 5 | 6 |
| 7 | 8 | 9 |
+---+---+---+


Player O takes 8:
+---+---+---+
| X | 2 | 3 |
| 4 | 5 | 6 |
| 7 | O | 9 |
+---+---+---+


Player X takes 4:
+---+---+---+
| X | 2 | 3 |
| X | 5 | 6 |
| 7 | O | 9 |
+---+---+---+


Player O takes 9:
+---+---+---+
| X | 2 | 3 |
| X | 5 | 6 |
| 7 | O | O |
+---+---+---+


Player X takes 7:
+---+---+---+
| X | 2 | 3 |
| X | 5 | 6 |
| X | O | O |
+---+---+---+
Player X Wins!