Tic-Tac-Toe


New Game:
+---+---+---+
| _ | _ | _ |
| _ | _ | _ |
| _ | _ | _ |
+---+---+---+


Player X takes turn:
+---+---+---+
| _ | _ | _ |
| _ | X | _ |
| _ | _ | _ |
+---+---+---+


Player Y makes illegal move:
+---+---+---+
| _ | _ | _ |
| _ | X | _ |
| _ | _ | _ |
+---+---+---+
