Tic-Tac-Toe: Player O Wins on Left Diagonally


New Game:
+---+---+---+
| 1 | 2 | 3 |
| 4 | 5 | 6 |
| 7 | 8 | 9 |
+---+---+---+


Player X takes 1:
+---+---+---+
| X | 2 | 3 |
| 4 | 5 | 6 |
| 7 | 8 | 9 |
+---+---+---+


Player O takes 3:
+---+---+---+
| X | 2 | O |
| 4 | 5 | 6 |
| 7 | 8 | 9 |
+---+---+---+


Player X takes 2:
+---+---+---+
| X | X | O |
| 4 | 5 | 6 |
| 7 | 8 | 9 |
+---+---+---+


Player O takes 5:
+---+---+---+
| X | X | O |
| 4 | O | 6 |
| 7 | 8 | 9 |
+---+---+---+


Player X takes 8:
+---+---+---+
| X | X | O |
| 4 | O | 6 |
| 7 | X | 9 |
+---+---+---+


Player O takes 7:
+---+---+---+
| X | X | O |
| 4 | O | 6 |
| O | X | 9 |
+---+---+---+
Player O Wins!