Tic-Tac-Toe: Player O Wins Horizontally Bottom


New Game:
+---+---+---+
| 1 | 2 | 3 |
| 4 | 5 | 6 |
| 7 | 8 | 9 |
+---+---+---+


Player X takes 1:
+---+---+---+
| X | 2 | 3 |
| 4 | 5 | 6 |
| 7 | 8 | 9 |
+---+---+---+


Player O takes 7:
+---+---+---+
| X | 2 | 3 |
| 4 | 5 | 6 |
| O | 8 | 9 |
+---+---+---+


Player X takes 2:
+---+---+---+
| X | X | 3 |
| 4 | 5 | 6 |
| O | 8 | 9 |
+---+---+---+


Player O takes 9:
+---+---+---+
| X | X | 3 |
| 4 | 5 | 6 |
| O | 8 | O |
+---+---+---+


Player X takes 5:
+---+---+---+
| X | X | 3 |
| 4 | X | 6 |
| O | 8 | O |
+---+---+---+


Player O takes 8:
+---+---+---+
| X | X | 3 |
| 4 | X | 6 |
| O | O | O |
+---+---+---+
Player O Wins!