Tic-Tac-Toe: Player X Wins on Center Vertically


New Game:
+---+---+---+
| 1 | 2 | 3 |
| 4 | 5 | 6 |
| 7 | 8 | 9 |
+---+---+---+


Player X takes 2:
+---+---+---+
| 1 | X | 3 |
| 4 | 5 | 6 |
| 7 | 8 | 9 |
+---+---+---+


Player O takes 7:
+---+---+---+
| 1 | X | 3 |
| 4 | 5 | 6 |
| O | 8 | 9 |
+---+---+---+


Player X takes 5:
+---+---+---+
| 1 | X | 3 |
| 4 | X | 6 |
| O | 8 | 9 |
+---+---+---+


Player O takes 9:
+---+---+---+
| 1 | X | 3 |
| 4 | X | 6 |
| O | 8 | O |
+---+---+---+


Player X takes 8:
+---+---+---+
| 1 | X | 3 |
| 4 | X | 6 |
| O | X | O |
+---+---+---+
Player X Wins!