Tic-Tac-Toe


New Game:
tietactoe.TicTacToe@4923ab24