VendingMachine
Display                                          INSERT COIN
Balance                                                    0
Coins                                                     []
********************
VendingMachine
Display                                                $0.05
Balance                                                    5
Coins                                                    [5]
